==============================================================================
Tests                                                                         
==============================================================================
Tests.testDemo2 :: To validate login form                                     
==============================================================================
Validate Successful Login                                             | PASS |
------------------------------------------------------------------------------
Validate Locked_out_user Login                                        | PASS |
------------------------------------------------------------------------------
Validate Problem_user Login                                           | PASS |
------------------------------------------------------------------------------
Validate Products displayed in the Products Page                      | PASS |
------------------------------------------------------------------------------
Tests.testDemo2 :: To validate login form                             | PASS |
4 tests, 4 passed, 0 failed
==============================================================================
Tests                                                                 | PASS |
4 tests, 4 passed, 0 failed
==============================================================================
Output:  D:\Projects\PythonProject_RobotFramework\tests\pabot_results\4\output.xml
