==============================================================================
Tests                                                                         
==============================================================================
Tests.Parameterize :: Login on Multiple username and password combination     
==============================================================================
Invalid username                                                      | PASS |
------------------------------------------------------------------------------
Invalid password                                                      | PASS |
------------------------------------------------------------------------------
Special characters                                                    | PASS |
------------------------------------------------------------------------------
Tests.Parameterize :: Login on Multiple username and password comb... | PASS |
3 tests, 3 passed, 0 failed
==============================================================================
Tests                                                                 | PASS |
3 tests, 3 passed, 0 failed
==============================================================================
Output:  D:\Projects\PythonProject_RobotFramework\tests\pabot_results\1\output.xml
