==============================================================================
Tests                                                                         
==============================================================================
Tests.Parameterize CSV :: To Validate Login form                              
==============================================================================
Invalid username                                                      | PASS |
------------------------------------------------------------------------------
Invalid password                                                      | PASS |
------------------------------------------------------------------------------
special characters                                                    | PASS |
------------------------------------------------------------------------------
Both wrong                                                            | PASS |
------------------------------------------------------------------------------
password empty                                                        | PASS |
------------------------------------------------------------------------------
username empty                                                        | PASS |
------------------------------------------------------------------------------
both empty                                                            | PASS |
------------------------------------------------------------------------------
username_OR                                                           | PASS |
------------------------------------------------------------------------------
password_OR                                                           | PASS |
------------------------------------------------------------------------------
long password                                                         | PASS |
------------------------------------------------------------------------------
Login with user  and password                                         | PASS |
------------------------------------------------------------------------------
Tests.Parameterize CSV :: To Validate Login form                      | PASS |
11 tests, 11 passed, 0 failed
==============================================================================
Tests                                                                 | PASS |
11 tests, 11 passed, 0 failed
==============================================================================
Output:  D:\Projects\PythonProject_RobotFramework\tests\pabot_results\2\output.xml
