==============================================================================
Tests                                                                         
==============================================================================
Tests.testDemo1 :: To validate login form                                     
==============================================================================
Validate Successful Login                                             | PASS |
------------------------------------------------------------------------------
Tests.testDemo1 :: To validate login form                             | PASS |
1 test, 1 passed, 0 failed
==============================================================================
Tests                                                                 | PASS |
1 test, 1 passed, 0 failed
==============================================================================
Output:  D:\Projects\PythonProject_RobotFramework\tests\pabot_results\3\output.xml
